---
source: tui/src/empty_state_animation_tests.rs
expression: "buffer.content.chunks(usize::from(area.width)).map(|row|\nrow.iter().map(|cell|\ncell.symbol()).collect::<String>().trim_end().to_owned()).collect::<Vec<_>>().join(\"\\n\")"
---
                  ⣠⣴⣶⣿⣿⣷⣶⣤⣀⣀⣀⣀⣀
                ⢠⣾⣿⡿⠟⠛⠉⣻⣿⣿⣿⣿⣿⣿⣿⣿⣦⡀
              ⢀⣀⣿⣿⡟⢀⣠⣶⣿⣿⠿⠛⢉⣀⣀ ⠙⢿⣿⣿⣆
            ⢀⣾⣿⣿⣿⣿ ⢸⣿⡿⠋⢁⣤⣶⣿⣿⣿⣿⣦⣄⣻⣿⣿
           ⢠⣿⣿⡟⢹⣿⣿ ⢸⣿⣷⣾⣿⣿⣿⣯⣀⠉⠛⢿⣿⣿⣿⣿
           ⣼⣿⣿ ⢸⣿⣿ ⢸⣿⡿⠛⠁⠈⠛⢿⣿⣿⣦⣄⡈⠙⢿⣿⣷⡀
           ⢸⣿⣿⡀⠸⣿⣿⣶⣼⣿⡇    ⢸⣿⣟⠿⣿⣿⡆ ⢻⣿⣧
            ⢻⣿⣿⣄⡈⠙⠻⣿⣿⣷⣤⡀⢀⣤⣾⣿⣿ ⢸⣿⡇ ⣸⣿⣿
             ⣿⣿⣿⣿⣷⣦⣀⠉⣻⣿⣿⣿⡿⢿⣿⣿ ⢸⣿⡇⣠⣿⣿⡟
             ⢿⣿⣧⠉⠻⣿⣿⣿⣿⡿⠛⠉⣀⣼⣿⣿ ⣸⣿⣿⣿⣿⠟
             ⠘⢿⣿⣷⣄⡀⠉⠉⢁⣠⣴⣿⣿⡿⠟⠋⢀⣿⣿⡟⠋⠁
              ⠈⠛⢿⣿⣿⣿⣿⣿⣿⣿⣛⣉⣀⣀⣴⣿⣿⡟
                 ⠈⠉⠉⠉⠙⠻⣿⣿⣿⣿⣿⣿⠿⠋
                        ⠈⠉⠉
