---
source: tui/src/analytics/plan_tests.rs
expression: "output.join(\"\\n\")"
---
" Usage · Plus                                                                                                           "
"  1 Overview   2 Usage   3 Plan   4 Messages   5 Plugins   6 Skills   7 Chats                                           "
" ────────────────────────────────────────────────────────────────────────────────────────────────────────────────────── "
" g Feature · ←/→ 5-hour / Weekly                                                                                        "
"                                                                                                                        "
"   5-hour limits                                              › Weekly limits                                           "
"                                                                                                                        "
" › Sep 2 10:00 – Sep 2 15:00 *                        125%    › Sep 1 00:00 – Sep 8 00:00 *               Not available "
"   Some usage is unavailable; this period may be                Breakdown isn't available for this period               "
" incomplete                                                                                                             "
"   Tasks                                              125%                                                              "
" Some periods aren't available yet                                                                                      "
" Usage as of Sep 2 12:00 UTC · * current at last update                                                                 "
" Available since Sep 1 00:00 UTC                                                                                        "
" Amounts and period boundaries are approximate; recent activity may be delayed                                          "
"                                                                                                                        "
"                                                                                                                        "
"                                                                                                                        "
"                                                                                                                        "
"                                                                                                                        "
"                                                                                                                        "
"                                                                                                                        "
"                                                                                                                        "
"                                                                                                                        "
"                                                                                                                        "
"                                                                                                                        "
"                                                                                                                        "
"                                                                                                                        "
" ↑/↓ period · enter details · esc back                                                                                  "
" tab/1–7 report · z dashboard · ? help · R refresh                                                                      "

" Usage · Plus                                             "
"  Overview   Usage   Plan   Messages   Plugins          › "
" ──────────────────────────────────────────────────────── "
" g Feature                                                "
" ←/→ 5-hour / Weekly                                      "
"                                                          "
"   5-hour limits                                          "
"                                                          "
" › Sep 2 10:00 – Sep 2 15:00 *                       125% "
"   Some usage is unavailable; this period may be          "
" incomplete                                               "
"   Tasks                                             125% "
"                                                          "
" › Weekly limits                                          "
"                                                          "
" › Sep 1 00:00 – Sep 8 00:00 *              Not available "
"   Breakdown isn't available for this period              "
" Some periods aren't available yet                        "
" Usage as of Sep 2 12:00 UTC · * current at last update   "
" Available since Sep 1 00:00 UTC                          "
" Amounts and period boundaries are approximate; recent    "
" activity may be delayed                                  "
"                                                          "
"                                                          "
"                                                          "
"                                                          "
"                                                          "
"                                                          "
" ↑/↓ period · enter details · esc back                    "
" tab report · z dashboard · ? help · R refresh            "
