---
source: tui/src/analytics/summary_tests.rs
expression: "screen(&mut view, 140, 44)"
---
" Usage · Plus                                                                                                                               "
"  1 Overview   2 Usage   3 Messages   4 Plugins   5 Skills   6 Chats                                                                        "
" ────────────────────────────────────────────────────────────────────────────────────────────────────────────────────────────────────────── "
" g Daily                                                                                                                                    "
"                                                                                                                                            "
"                                                                                                                                            "
"                                                                                                                                            "
"                                                                                                                                            "
"                                                                Example User                                                                "
"                                                               @example.user                                                                "
"                                                                    Plus                                                                    "
"                                                                                                                                            "
"                       142.3B                  7B                  44h 7m               158 days              160 days                      "
"                  Lifetime tokens         Peak tokens           Longest chat         Current streak        Longest streak                   "
"                                                                                                                                            "
"               Token activity                                                                                                               "
"               Last 12 months                                                                                                               "
"                                                                                                                                            "
"                         Oct     Nov       Dec     Jan     Feb     Mar       Apr     May       Jun     Jul     Aug                          "
"                Su □ □ □ □ □ □ □ □ □ □ □ □ □ □ □ □ □ □ □ □ □ □ □ □ □ □ □ □ □ □ □ □ □ □ □ □ □ □ □ □ □ □ □ □ □ □ □ □ □ □ □ □                  "
"                Mo □ □ □ □ □ □ □ □ □ □ □ □ □ □ □ □ □ □ □ □ □ □ □ □ □ □ □ □ □ □ □ □ □ □ □ □ □ □ □ □ □ □ □ □ □ □ □ □ □ □ □ □                  "
"                Tu □ □ □ □ □ □ □ □ □ □ □ □ □ □ □ □ □ □ □ □ □ □ □ □ □ □ □ □ □ □ □ □ □ □ □ □ □ □ □ □ □ □ □ □ □ □ □ □ □ □ □ ■                  "
"                We □ □ □ □ □ □ □ □ □ □ □ □ □ □ □ □ □ □ □ □ □ □ □ □ □ □ □ □ □ □ □ □ □ □ □ □ □ □ □ □ □ □ □ □ □ □ □ □ □ □ □ ■                  "
"                Th □ □ □ □ □ □ □ □ □ □ □ □ □ □ □ □ □ □ □ □ □ □ □ □ □ □ □ □ □ □ □ □ □ □ □ □ □ □ □ □ □ □ □ □ □ □ □ □ □ □ □                    "
"                Fr □ □ □ □ □ □ □ □ □ □ □ □ □ □ □ □ □ □ □ □ □ □ □ □ □ □ □ □ □ □ □ □ □ □ □ □ □ □ □ □ □ □ □ □ □ □ □ □ □ □ □                    "
"                Sa □ □ □ □ □ □ □ □ □ □ □ □ □ □ □ □ □ □ □ □ □ □ □ □ □ □ □ □ □ □ □ □ □ □ □ □ □ □ □ □ □ □ □ □ □ □ □ □ □ □ □                    "
"                                                                                                                                            "
"                  Less □ ■ ■ ■ ■ More                                                                                                       "
"                                                                                                                                            "
"               Activity insights                                        Most used plugins and skills                                        "
"                                                                                                                                            "
"               Fast Mode                                         37%    $review                                    1,142 runs               "
"               Most used reasoning                        high · 26%    @GitHub                                    1,059 runs               "
"               Skills explored                                   147                                                                        "
"               Total skills used                              13,190                                                                        "
"               Total chats                                    21,482                                                                        "
"                                                                                                                                            "
"               Statistics as of Sep 9, 2026                                                                                                 "
"                                                                                                                                            "
"                                                                                                                                            "
"                                                                                                                                            "
"                                                                                                                                            "
" esc back                                                                                                                                   "
" tab/1–6 report · z dashboard · ? help · R refresh                                                                                          "
