---
source: tui/src/analytics/recovery_tests.rs
expression: output
---
" Usage · Business                                                                                                                                                                   "
"  1 Overview   2 Credits   3 Tokens   4 Plugins   5 Skills                                                                                                                          "
" ────────────────────────────────────────────────────────────────────────────────────────────────────────────────────────────────────────────────────────────────────────────────── "
" r 7d/30d · Aug 27–Sep 2, 2026 · g Model · m All models                                                                                                                             "
" Updated · Sep 2 16:00 UTC                                                                                                                                                          "
" 4.4M tokens                                                                                                                           ──────────────────────────────────────────── "
"                                                                                                                                       Sep 2 · 731,000 tokens                       "
"    1M                                                                                                                                 Model                                 Tokens "
"                                                                                                                                       ● GPT-5.5                            731,000 "
"                                                                                                                                                                                    "
"                                                                                                                                                                                    "
"                                                                                                                                                                                    "
"                                                                                                                                                                                    "
"                                                                                                     850K                                                                           "
"                                                                                                  ▆▆▆▆▆▆▆▆▆▆▆▆                                                                      "
"                                                                                                  ████████████                                                                      "
"                                                                 773.5K                           ████████████                                                                      "
"                                                               ▁▁▁▁▁▁▁▁▁▁▁                        ████████████                                                                      "
"                                                               ███████████                        ████████████         731K                                                         "
"                                                               ███████████                        ████████████                                                                      "
"                                                               ███████████        688.5K          ████████████      ████████████                                                    "
"                                                               ███████████                        ████████████      ████████████                                                    "
"                                                               ███████████      ████████████      ████████████      ████████████                                                    "
"                                                               ███████████      ████████████      ████████████      ████████████                                                    "
"                             620.5K                            ███████████      ████████████      ████████████      ████████████                                                    "
"                           ▆▆▆▆▆▆▆▆▆▆▆▆                        ███████████      ████████████      ████████████      ████████████                                                    "
"                           ████████████                        ███████████      ████████████      ████████████      ████████████                                                    "
"                           ████████████         544K           ███████████      ████████████      ████████████      ████████████                                                    "
"                           ████████████                        ███████████      ████████████      ████████████      ████████████                                                    "
"                           ████████████      ████████████      ███████████      ████████████      ████████████      ████████████                                                    "
"                           ████████████      ████████████      ███████████      ████████████      ████████████      ████████████                                                    "
"  500K                     ████████████      ████████████      ███████████      ████████████      ████████████      ████████████                                                    "
"                           ████████████      ████████████      ███████████      ████████████      ████████████      ████████████                                                    "
"                           ████████████      ████████████      ███████████      ████████████      ████████████      ████████████                                                    "
"                           ████████████      ████████████      ███████████      ████████████      ████████████      ████████████                                                    "
"                           ████████████      ████████████      ███████████      ████████████      ████████████      ████████████                                                    "
"                           ████████████      ████████████      ███████████      ████████████      ████████████      ████████████                                                    "
"                           ████████████      ████████████      ███████████      ████████████      ████████████      ████████████                                                    "
"                           ████████████      ████████████      ███████████      ████████████      ████████████      ████████████                                                    "
"                           ████████████      ████████████      ███████████      ████████████      ████████████      ████████████                                                    "
"                           ████████████      ████████████      ███████████      ████████████      ████████████      ████████████                                                    "
"                           ████████████      ████████████      ███████████      ████████████      ████████████      ████████████                                                    "
"                           ████████████      ████████████      ███████████      ████████████      ████████████      ████████████                                                    "
"                           ████████████      ████████████      ███████████      ████████████      ████████████      ████████████                                                    "
"                           ████████████      ████████████      ███████████      ████████████      ████████████      ████████████                                                    "
"             170K          ████████████      ████████████      ███████████      ████████████      ████████████      ████████████                                                    "
"          ▁▁▁▁▁▁▁▁▁▁▁      ████████████      ████████████      ███████████      ████████████      ████████████      ████████████                                                    "
"          ███████████      ████████████      ████████████      ███████████      ████████████      ████████████      ████████████                                                    "
"          ███████████      ████████████      ████████████      ███████████      ████████████      ████████████      ████████████                                                    "
"          ███████████      ████████████      ████████████      ███████████      ████████████      ████████████      ████████████                                                    "
"          ███████████      ████████████      ████████████      ███████████      ████████████      ████████████      ████████████                                                    "
"          ███████████      ████████████      ████████████      ███████████      ████████████      ████████████      ████████████                                                    "
"          ███████████      ████████████      ████████████      ███████████      ████████████      ████████████      ████████████                                                    "
"          ███████████      ████████████      ████████████      ███████████      ████████████      ████████████      ████████████                                                    "
"          ███████████      ████████████      ████████████      ███████████      ████████████      ████████████      ████████████                                                    "
"     0 ────────────────────────────────────────────────────────────────────────────────────────────────────────────────────────────                                                 "
"                                                                                                                         ▲                                                          "
"            Aug 27           Aug 28            Aug 29            Aug 30           Aug 31             Sep 1             Sep 2                                                        "
" ←/→ day · enter details · esc back                                                                                                                                                 "
" tab/1–5 report · z dashboard · ? help · R refresh                                                                                                                                  "
