---
source: tui/src/analytics/redesign_tests.rs
expression: "format!(\"{tokens}\\n{failed}\")"
---
" Usage · Business                       "
"  Overview   Credits   Tokens         › "
" ────────────────────────────────────── "
" r 7d/30d · Aug 27–Sep 2, 2026          "
" g Model · m All models                 "
" Updated · Sep 2 16:00 UTC              "
" 4.4M tokens                            "
"                                        "
" ────────────────────────────────────── "
" Sep 2 · 731,000 tokens                 "
" Model                           Tokens "
" ● GPT-5.5                      731,000 "
"                                        "
"                                        "
" ←/→ day · enter details · esc back     "
" tab report · z all · ? · R refresh     "

" Usage · Business                       "
"  Overview   Credits   Tokens         › "
" ────────────────────────────────────── "
" r 7d/30d · Aug 27–Sep 2, 2026          "
" g Model · m All models                 "
"                                        "
" Couldn't load tokens.                  "
"                                        "
"                                        "
"                                        "
"                                        "
"                                        "
"                                        "
"                                        "
" ←/→ day · esc back                     "
" tab report · z all · ? · R refresh     "
