---
source: tui/src/app/prompt_suggestions_tests.rs
expression: "context_snapshot::format_request_history_snapshot(\"A completed turn is forked for a hidden follow-up suggestion with the parent's request prefix intact.\",\n&requests, &ContextSnapshotOptions::default().rewrite_known_segments(),)"
---
Scenario: A completed turn is forked for a hidden follow-up suggestion with the parent's request prefix intact.

## Window 1
-- request 1 (turn) --
00:message/developer[3]:
    [01] <SKILLS_INSTRUCTIONS>
    [02] <PERMISSIONS_INSTRUCTIONS>
    [03] <COLLABORATION_MODE>
01:message/user:
    <ENVIRONMENT_CONTEXT>
02:message/user:
    Fix the timeout
-- request 2 (turn) --
03:message/assistant:
    Fixed the timeout.
04:message/user:
    <external_prompt_suggestion>This is an app-generated request for a suggested next user message. The user did not write this message.

    Your suggestion will appear in the user's empty message composer. They can accept it, edit it, or ignore it; it will not be sent automatically.

    Predict this user's next message from the whole conversation. Before choosing a new content question, co...e null only if every concrete next move is arbitrary. [hash=08478ce37447c028]

    Return only JSON matching this schema: {"type":"object","properties":{"suggestion":{"type":["string","nu...ionalProperties":false}.</external_prompt_suggestion> [hash=18d5da5f1ee1d605]
