---
source: tui/src/app/agents_overview_tests.rs
expression: "normalize_agent_center_snapshot(render_bottom_popup(&app.chat_widget, 80,))"
---
  Agent command center  Group: Project  g
   All 0   Needs you 0   Working 0   Ready 0   Inactive 0
  ────────────────────────────────────────────────────────────────────────────
  No tasks yet



















  Creating worktree…
