---
source: tui/src/markdown_render/web_links_tests.rs
assertion_line: 63
expression: text
---
Text::from_iter([
    Line::from_iter([
        Span::from(" "),
        Span::from("Resource"),
    ]).fg(Color::Rgb(249, 226, 175)).bold(),
    Line::from(Span::from("━━━━━━━━━━━━━━━━━━━━").dim()),
    Line::from_iter([
        Span::from(" "),
        Span::from("https://").fg(Color::Reset).underlined(),
    ]),
    Line::from_iter([
        Span::from(" "),
        Span::from("example.com/docs").fg(Color::Reset).underlined(),
    ]),
])
