---
source: tui/src/markdown_render/mermaid_tests.rs
expression: output
---
╭───────────────────────────────╮
│ What should I work on?        │
│                               ├────────┐
╰───────────────────────────────╯        │
                                         │
                                         │
┌───────────────────────────────┐        │
│ ◇ Anything urgent?            │        │
│                               ├◄───────┘
│                               ├──Yes─────┐
│                               ├──No──────╪─┐
└───────────────────────────────┘          │ │
                                           │ │
                                           │ │
┌───────────────────────────────┐          │ │
│ Handle the urgent task        │          │ │
│                               ├◄─────────┘ │
│                               ├────────────╪─────────┐
└───────────────────────────────┘            │         │
                                             │         │
                                             │         │
┌───────────────────────────────┐            │         │
│ ◇ Have a clear goal?          │            │         │
│                               ├◄───────────┘         │
│                               ├──No──────────┐       │
│                               ├──Yes─────────╪───┐   │
└───────────────────────────────┘              │   │   │
                                               │   │   │
                                               │   │   │
┌───────────────────────────────┐              │   │   │
│ Pick one useful outcome       │              │   │   │
│                               ├◄─────────────┘   │   │
│                               ├────────────────┐ │   │
└───────────────────────────────┘                │ │   │
                                                 │ │   │
                                                 │ │   │
┌───────────────────────────────┐                │ │   │
│ Choose the smallest next step │                │ │   │
│                               ├◄───────────────┘ │   │
│                               ├◄─────────────────┘   │
│                               ├────────────────────┐ │
│                               ├◄───────────────────╪─╪─────┐
└───────────────────────────────┘                    │ │     │
                                                     │ │     │
                                                     │ │     │
┌───────────────────────────────┐                    │ │     │
│ Focus for 25 minutes          │                    │ │     │
│                               ├◄───────────────────┘ │     │
│                               ├──────────────────────╪─┐   │
└───────────────────────────────┘                      │ │   │
                                                       │ │   │
                                                       │ │   │
┌───────────────────────────────┐                      │ │   │
│ ◇ Done?                       │                      │ │   │
│                               ├◄─────────────────────┘ │   │
│                               ├◄───────────────────────┘   │
│                               ├──No──────────────────────┐ │
│                               ├──Yes─────────────────────╪─╪─┐
└───────────────────────────────┘                          │ │ │
                                                           │ │ │
                                                           │ │ │
┌───────────────────────────────┐                          │ │ │
│ Take a short break            │                          │ │ │
│                               ├◄─────────────────────────┘ │ │
│                               ├────────────────────────────┘ │
└───────────────────────────────┘                              │
                                                               │
                                                               │
╭───────────────────────────────╮                              │
│ Celebrate. Stretch. Repeat.   │                              │
│                               ├◄─────────────────────────────┘
╰───────────────────────────────╯
