---
source: mermaid/src/tests.rs
expression: "cases.join(\"\\n\\n\")"
---
TD
╭─────────╮
│ 请求    │
│         ├─────┐
│         ├◄────╪───┐
╰─────────╯     │   │
                │   │
                │   │
┌─────────┐     │   │
│ Work    │     │   │
│         ├◄────┘   │
│         ├───────┐ │
└─────────┘       │ │
                  │ │
                  │ │
┌─────────┐       │ │
│ ◇ Done? │       │ │
│         ├◄──────┘ │
│         ├─────────┘
└─────────┘

BT
┌─────────┐
│ ◇ Done? │
│         ├◄──────┐
│         ├───────╪─┐
└─────────┘       │ │
                  │ │
                  │ │
┌─────────┐       │ │
│ Work    │       │ │
│         ├◄────┐ │ │
│         ├─────╪─┘ │
└─────────┘     │   │
                │   │
                │   │
╭─────────╮     │   │
│ 请求    │     │   │
│         ├─────┘   │
│         ├◄────────┘
╰─────────╯

LR
╭──────╮  ┌──────┐  ┌─────────┐
│ 请求 │  │ Work │  │ ◇ Done? │
╰┬─┬───╯  └┬─┬───┘  └┬─┬──────┘
 │ ▲       ▲ │       ▲ │
 │ │       │ │       │ │
 │ │       │ │       │ │
 │ │       │ │       │ │
 └─╪───────┘ │       │ │
   │         │       │ │
   │         └───────┘ │
   │                   │
   └───────────────────┘

RL
┌─────────┐  ┌──────┐  ╭──────╮
│ ◇ Done? │  │ Work │  │ 请求 │
└┬─┬──────┘  └┬─┬───┘  ╰┬─┬───╯
 ▲ │          ▲ │       │ ▲
 │ │          │ │       │ │
 │ │          │ │       │ │
 │ │          │ │       │ │
 │ │          └─╪───────┘ │
 │ │            │         │
 └─╪────────────┘         │
   │                      │
   └──────────────────────┘
